// Jest Snapshot v1, https://goo.gl/fbAQLP

exports[`Button Test Debe renderizarse correctamente 1`] = `
<button
  disabled={false}
  onClick={[Function]}
/>
`;
